mode: set
reconx-scanner/detectors_mailjet.go:20.63,21.37 1 1
reconx-scanner/detectors_mailjet.go:21.37,23.3 1 1
reconx-scanner/detectors_mailjet.go:24.2,24.61 1 1
reconx-scanner/detectors_mailjet.go:24.61,26.3 1 0
reconx-scanner/detectors_mailjet.go:28.2,29.16 2 1
reconx-scanner/detectors_mailjet.go:29.16,31.3 1 0
reconx-scanner/detectors_mailjet.go:32.2,36.31 4 1
reconx-scanner/detectors_mailjet.go:36.31,38.3 1 0
reconx-scanner/detectors_mailjet.go:39.2,41.28 2 1
reconx-scanner/detectors_mailjet.go:41.28,59.3 9 1
reconx-scanner/detectors_mailjet.go:60.2,60.14 1 1
reconx-scanner/detectors_mailtrap.go:17.64,18.38 1 1
reconx-scanner/detectors_mailtrap.go:18.38,20.3 1 1
reconx-scanner/detectors_mailtrap.go:21.2,21.61 1 1
reconx-scanner/detectors_mailtrap.go:21.61,23.3 1 0
reconx-scanner/detectors_mailtrap.go:25.2,26.16 2 1
reconx-scanner/detectors_mailtrap.go:26.16,28.3 1 0
reconx-scanner/detectors_mailtrap.go:29.2,33.31 4 1
reconx-scanner/detectors_mailtrap.go:33.31,35.3 1 0
reconx-scanner/detectors_mailtrap.go:36.2,38.28 2 1
reconx-scanner/detectors_mailtrap.go:38.28,56.3 9 1
reconx-scanner/detectors_mailtrap.go:57.2,57.14 1 1
reconx-scanner/detectors_plivo.go:21.61,22.35 1 1
reconx-scanner/detectors_plivo.go:22.35,24.3 1 1
reconx-scanner/detectors_plivo.go:25.2,25.61 1 1
reconx-scanner/detectors_plivo.go:25.61,27.3 1 0
reconx-scanner/detectors_plivo.go:28.2,35.16 7 1
reconx-scanner/detectors_plivo.go:35.16,37.3 1 0
reconx-scanner/detectors_plivo.go:38.2,42.31 4 1
reconx-scanner/detectors_plivo.go:42.31,44.3 1 0
reconx-scanner/detectors_plivo.go:45.2,47.28 2 1
reconx-scanner/detectors_plivo.go:47.28,65.3 9 1
reconx-scanner/detectors_plivo.go:66.2,66.14 1 1
reconx-scanner/detectors_postmark.go:19.64,20.38 1 1
reconx-scanner/detectors_postmark.go:20.38,22.3 1 1
reconx-scanner/detectors_postmark.go:23.2,23.61 1 1
reconx-scanner/detectors_postmark.go:23.61,25.3 1 0
reconx-scanner/detectors_postmark.go:27.2,28.16 2 1
reconx-scanner/detectors_postmark.go:28.16,30.3 1 0
reconx-scanner/detectors_postmark.go:31.2,35.31 4 1
reconx-scanner/detectors_postmark.go:35.31,37.3 1 0
reconx-scanner/detectors_postmark.go:38.2,40.28 2 1
reconx-scanner/detectors_postmark.go:40.28,58.3 9 1
reconx-scanner/detectors_postmark.go:59.2,59.14 1 1
reconx-scanner/detectors_sparkpost.go:17.65,18.39 1 1
reconx-scanner/detectors_sparkpost.go:18.39,20.3 1 1
reconx-scanner/detectors_sparkpost.go:21.2,21.61 1 1
reconx-scanner/detectors_sparkpost.go:21.61,23.3 1 0
reconx-scanner/detectors_sparkpost.go:25.2,26.16 2 1
reconx-scanner/detectors_sparkpost.go:26.16,28.3 1 0
reconx-scanner/detectors_sparkpost.go:29.2,33.31 4 1
reconx-scanner/detectors_sparkpost.go:33.31,35.3 1 0
reconx-scanner/detectors_sparkpost.go:36.2,38.28 2 1
reconx-scanner/detectors_sparkpost.go:38.28,56.3 9 1
reconx-scanner/detectors_sparkpost.go:57.2,57.14 1 1
reconx-scanner/main.go:271.39,275.23 3 1
reconx-scanner/main.go:275.23,277.3 1 1
reconx-scanner/main.go:279.2,282.31 3 1
reconx-scanner/main.go:283.9,284.23 1 1
reconx-scanner/main.go:285.9,286.22 1 1
reconx-scanner/main.go:289.2,290.16 2 1
reconx-scanner/main.go:290.16,291.36 1 1
reconx-scanner/main.go:291.36,293.4 1 1
reconx-scanner/main.go:295.2,295.11 1 1
reconx-scanner/main.go:298.40,299.20 1 1
reconx-scanner/main.go:299.20,301.3 1 1
reconx-scanner/main.go:302.2,303.25 2 1
reconx-scanner/main.go:303.25,304.58 1 1
reconx-scanner/main.go:304.58,306.4 1 1
reconx-scanner/main.go:308.2,308.60 1 1
reconx-scanner/main.go:311.47,313.16 2 1
reconx-scanner/main.go:313.16,315.3 1 1
reconx-scanner/main.go:316.2,322.6 5 1
reconx-scanner/main.go:322.6,326.10 3 1
reconx-scanner/main.go:327.22,328.21 1 1
reconx-scanner/main.go:329.19,330.21 1 0
reconx-scanner/main.go:335.47,337.16 2 1
reconx-scanner/main.go:337.16,339.3 1 1
reconx-scanner/main.go:340.2,342.48 2 1
reconx-scanner/main.go:342.48,344.3 1 1
reconx-scanner/main.go:348.2,349.55 2 1
reconx-scanner/main.go:349.55,351.3 1 0
reconx-scanner/main.go:355.2,355.66 1 1
reconx-scanner/main.go:355.66,356.39 1 1
reconx-scanner/main.go:356.39,358.4 1 1
reconx-scanner/main.go:362.2,362.18 1 1
reconx-scanner/main.go:365.49,379.2 1 1
reconx-scanner/main.go:381.51,383.16 2 1
reconx-scanner/main.go:383.16,386.3 2 0
reconx-scanner/main.go:388.2,649.3 8 1
reconx-scanner/main.go:652.51,653.2 0 0
reconx-scanner/main.go:655.82,662.21 3 0
reconx-scanner/main.go:662.21,665.28 3 0
reconx-scanner/main.go:665.28,666.12 1 0
reconx-scanner/main.go:668.3,668.37 1 0
reconx-scanner/main.go:668.37,669.12 1 0
reconx-scanner/main.go:671.3,674.17 3 0
reconx-scanner/main.go:674.17,675.33 1 0
reconx-scanner/main.go:675.33,679.5 3 0
reconx-scanner/main.go:680.4,680.12 1 0
reconx-scanner/main.go:683.3,688.28 4 0
reconx-scanner/main.go:688.28,690.4 1 0
reconx-scanner/main.go:694.3,694.42 1 0
reconx-scanner/main.go:694.42,696.4 1 0
reconx-scanner/main.go:698.3,699.29 2 0
reconx-scanner/main.go:699.29,701.18 2 0
reconx-scanner/main.go:701.18,703.56 2 0
reconx-scanner/main.go:703.56,705.6 1 0
reconx-scanner/main.go:707.4,707.61 1 0
reconx-scanner/main.go:707.61,712.5 1 0
reconx-scanner/main.go:715.3,715.22 1 0
reconx-scanner/main.go:715.22,717.25 2 0
reconx-scanner/main.go:717.25,718.33 1 0
reconx-scanner/main.go:718.33,719.34 1 0
reconx-scanner/main.go:719.34,724.7 1 0
reconx-scanner/main.go:729.3,730.27 2 0
reconx-scanner/main.go:730.27,731.31 1 0
reconx-scanner/main.go:731.31,732.13 1 0
reconx-scanner/main.go:734.4,734.61 1 0
reconx-scanner/main.go:734.61,739.5 1 0
reconx-scanner/main.go:745.81,746.40 1 0
reconx-scanner/main.go:746.40,748.3 1 0
reconx-scanner/main.go:749.2,750.16 2 0
reconx-scanner/main.go:750.16,752.3 1 0
reconx-scanner/main.go:753.2,759.16 5 0
reconx-scanner/main.go:759.16,761.3 1 0
reconx-scanner/main.go:762.2,766.16 3 0
reconx-scanner/main.go:766.16,768.3 1 0
reconx-scanner/main.go:770.2,770.36 1 0
reconx-scanner/main.go:773.85,774.25 1 0
reconx-scanner/main.go:774.25,775.26 1 0
reconx-scanner/main.go:775.26,776.159 1 0
reconx-scanner/main.go:776.159,778.5 1 0
reconx-scanner/main.go:779.4,779.40 1 0
reconx-scanner/main.go:779.40,780.45 1 0
reconx-scanner/main.go:780.45,782.6 1 0
reconx-scanner/main.go:788.62,791.16 3 0
reconx-scanner/main.go:791.16,793.29 2 0
reconx-scanner/main.go:793.29,794.18 1 0
reconx-scanner/main.go:794.18,797.5 2 0
reconx-scanner/main.go:799.3,799.14 1 0
reconx-scanner/main.go:801.2,801.31 1 0
reconx-scanner/main.go:801.31,802.24 1 0
reconx-scanner/main.go:802.24,803.19 1 0
reconx-scanner/main.go:803.19,805.5 1 0
reconx-scanner/main.go:808.2,808.13 1 0
reconx-scanner/main.go:811.76,814.28 3 0
reconx-scanner/main.go:814.28,815.17 1 0
reconx-scanner/main.go:815.17,817.17 2 0
reconx-scanner/main.go:817.17,818.13 1 0
reconx-scanner/main.go:820.4,820.36 1 0
reconx-scanner/main.go:820.36,822.5 1 0
reconx-scanner/main.go:823.4,823.35 1 0
reconx-scanner/main.go:823.35,824.46 1 0
reconx-scanner/main.go:824.46,826.6 1 0
reconx-scanner/main.go:828.4,828.26 1 0
reconx-scanner/main.go:831.2,831.20 1 0
reconx-scanner/main.go:834.50,835.63 1 0
reconx-scanner/main.go:835.63,837.24 2 0
reconx-scanner/main.go:838.10,839.16 1 0
reconx-scanner/main.go:840.10,841.15 1 0
reconx-scanner/main.go:843.3,843.66 1 0
reconx-scanner/main.go:843.66,844.26 1 0
reconx-scanner/main.go:844.26,846.5 1 0
reconx-scanner/main.go:850.2,850.53 1 0
reconx-scanner/main.go:850.53,858.16 7 0
reconx-scanner/main.go:858.16,860.4 1 0
reconx-scanner/main.go:863.2,863.52 1 0
reconx-scanner/main.go:863.52,864.43 1 0
reconx-scanner/main.go:864.43,866.4 1 0
reconx-scanner/main.go:869.2,869.11 1 0
reconx-scanner/main.go:872.67,874.16 2 0
reconx-scanner/main.go:874.16,876.3 1 0
reconx-scanner/main.go:877.2,882.26 3 0
reconx-scanner/main.go:882.26,884.17 2 0
reconx-scanner/main.go:884.17,885.12 1 0
reconx-scanner/main.go:887.3,888.29 2 0
reconx-scanner/main.go:888.29,889.18 1 0
reconx-scanner/main.go:889.18,891.5 1 0
reconx-scanner/main.go:893.3,893.19 1 0
reconx-scanner/main.go:893.19,895.4 1 0
reconx-scanner/main.go:897.2,897.38 1 0
reconx-scanner/main.go:900.69,904.28 4 1
reconx-scanner/main.go:904.28,905.17 1 1
reconx-scanner/main.go:905.17,907.84 2 1
reconx-scanner/main.go:907.84,908.13 1 1
reconx-scanner/main.go:910.4,910.36 1 1
reconx-scanner/main.go:910.36,911.46 1 1
reconx-scanner/main.go:911.46,913.6 1 1
reconx-scanner/main.go:915.4,915.39 1 1
reconx-scanner/main.go:915.39,917.5 1 1
reconx-scanner/main.go:920.2,920.21 1 1
reconx-scanner/main.go:923.49,926.32 3 1
reconx-scanner/main.go:926.32,928.3 1 1
reconx-scanner/main.go:929.2,929.56 1 1
reconx-scanner/main.go:932.75,936.20 4 1
reconx-scanner/main.go:936.20,942.3 5 1
reconx-scanner/main.go:943.2,943.11 1 1
reconx-scanner/main.go:946.38,949.19 3 0
reconx-scanner/main.go:949.19,951.3 1 0
reconx-scanner/main.go:952.2,952.18 1 0
reconx-scanner/main.go:955.35,958.19 3 0
reconx-scanner/main.go:958.19,960.3 1 0
reconx-scanner/main.go:961.2,961.64 1 0
reconx-scanner/main.go:964.36,966.28 2 1
reconx-scanner/main.go:966.28,967.32 1 1
reconx-scanner/main.go:967.32,969.4 1 1
reconx-scanner/main.go:971.2,971.14 1 1
reconx-scanner/main.go:974.38,977.26 3 1
reconx-scanner/main.go:977.26,978.25 1 1
reconx-scanner/main.go:978.25,981.4 2 1
reconx-scanner/main.go:983.2,983.12 1 1
reconx-scanner/main.go:986.42,988.16 2 1
reconx-scanner/main.go:988.16,990.3 1 0
reconx-scanner/main.go:991.2,991.15 1 1
reconx-scanner/main.go:991.15,993.3 1 1
reconx-scanner/main.go:994.2,995.16 2 1
reconx-scanner/main.go:995.16,997.3 1 1
reconx-scanner/main.go:998.2,998.45 1 1
reconx-scanner/main.go:1001.30,1004.55 1 1
reconx-scanner/main.go:1004.55,1006.56 2 1
reconx-scanner/main.go:1006.56,1008.46 2 1
reconx-scanner/main.go:1008.46,1009.13 1 1
reconx-scanner/main.go:1011.4,1011.29 1 1
reconx-scanner/main.go:1013.3,1013.21 1 1
reconx-scanner/main.go:1013.21,1015.4 1 1
reconx-scanner/main.go:1018.2,1129.3 1 1
reconx-scanner/main.go:1132.58,1135.16 3 1
reconx-scanner/main.go:1135.16,1137.3 1 0
reconx-scanner/main.go:1138.2,1139.28 2 1
reconx-scanner/main.go:1142.51,1143.72 1 1
reconx-scanner/main.go:1143.72,1145.3 1 1
reconx-scanner/main.go:1149.2,1152.73 2 0
reconx-scanner/main.go:1152.73,1155.3 2 0
reconx-scanner/main.go:1157.2,1164.82 7 0
reconx-scanner/main.go:1168.66,1176.32 4 0
reconx-scanner/main.go:1176.32,1177.21 1 0
reconx-scanner/main.go:1177.21,1180.60 2 0
reconx-scanner/main.go:1180.60,1182.5 1 0
reconx-scanner/main.go:1187.2,1187.24 1 0
reconx-scanner/main.go:1187.24,1190.79 2 0
reconx-scanner/main.go:1190.79,1192.26 1 0
reconx-scanner/main.go:1192.26,1194.5 1 0
reconx-scanner/main.go:1195.4,1195.39 1 0
reconx-scanner/main.go:1198.3,1198.25 1 0
reconx-scanner/main.go:1198.25,1200.4 1 0
reconx-scanner/main.go:1201.3,1201.17 1 0
reconx-scanner/main.go:1206.2,1207.34 2 0
reconx-scanner/main.go:1210.54,1213.16 3 0
reconx-scanner/main.go:1213.16,1214.25 1 0
reconx-scanner/main.go:1214.25,1216.4 1 0
reconx-scanner/main.go:1217.3,1217.15 1 0
reconx-scanner/main.go:1219.2,1219.66 1 0
reconx-scanner/main.go:1222.57,1224.2 1 1
reconx-scanner/main.go:1226.53,1228.2 1 1
reconx-scanner/main.go:1230.88,1231.18 1 1
reconx-scanner/main.go:1231.18,1233.3 1 0
reconx-scanner/main.go:1234.2,1237.19 4 1
reconx-scanner/main.go:1237.19,1239.3 1 1
reconx-scanner/main.go:1240.2,1241.25 2 1
reconx-scanner/main.go:1241.25,1243.3 1 1
reconx-scanner/main.go:1243.8,1243.31 1 1
reconx-scanner/main.go:1243.31,1245.3 1 1
reconx-scanner/main.go:1246.2,1247.58 2 1
reconx-scanner/main.go:1250.54,1258.2 1 0
reconx-scanner/main.go:1260.59,1268.33 5 0
reconx-scanner/main.go:1268.33,1270.16 2 0
reconx-scanner/main.go:1270.16,1272.4 1 0
reconx-scanner/main.go:1273.3,1273.46 1 0
reconx-scanner/main.go:1276.2,1276.39 1 0
reconx-scanner/main.go:1279.75,1287.16 6 0
reconx-scanner/main.go:1287.16,1289.48 2 0
reconx-scanner/main.go:1289.48,1290.57 1 0
reconx-scanner/main.go:1290.57,1292.5 1 0
reconx-scanner/main.go:1296.2,1297.16 2 0
reconx-scanner/main.go:1297.16,1299.51 2 0
reconx-scanner/main.go:1299.51,1301.46 2 0
reconx-scanner/main.go:1301.46,1303.5 1 0
reconx-scanner/main.go:1305.3,1305.81 1 0
reconx-scanner/main.go:1308.2,1308.26 1 0
reconx-scanner/main.go:1308.26,1310.3 1 0
reconx-scanner/main.go:1311.2,1311.40 1 0
reconx-scanner/main.go:1314.145,1321.16 3 0
reconx-scanner/main.go:1321.16,1323.3 1 0
reconx-scanner/main.go:1325.2,1328.16 3 0
reconx-scanner/main.go:1328.16,1330.3 1 0
reconx-scanner/main.go:1332.2,1334.38 2 0
reconx-scanner/main.go:1337.142,1338.46 1 0
reconx-scanner/main.go:1338.46,1340.3 1 0
reconx-scanner/main.go:1341.2,1356.16 7 0
reconx-scanner/main.go:1356.16,1358.3 1 0
reconx-scanner/main.go:1360.2,1371.16 6 0
reconx-scanner/main.go:1371.16,1373.3 1 0
reconx-scanner/main.go:1374.2,1391.3 7 0
reconx-scanner/main.go:1394.98,1395.39 1 0
reconx-scanner/main.go:1395.39,1397.3 1 0
reconx-scanner/main.go:1398.2,1405.33 6 0
reconx-scanner/main.go:1405.33,1410.17 5 0
reconx-scanner/main.go:1410.17,1411.12 1 0
reconx-scanner/main.go:1414.3,1416.71 3 0
reconx-scanner/main.go:1416.71,1418.4 1 0
reconx-scanner/main.go:1421.3,1423.42 3 0
reconx-scanner/main.go:1423.42,1424.60 1 0
reconx-scanner/main.go:1424.60,1425.37 1 0
reconx-scanner/main.go:1425.37,1427.6 1 0
reconx-scanner/main.go:1431.3,1431.30 1 0
reconx-scanner/main.go:1431.30,1439.4 1 0
reconx-scanner/main.go:1441.2,1441.16 1 0
reconx-scanner/main.go:1445.117,1455.32 9 0
reconx-scanner/main.go:1455.32,1458.3 2 0
reconx-scanner/main.go:1460.2,1463.33 3 0
reconx-scanner/main.go:1463.33,1469.86 4 0
reconx-scanner/main.go:1469.86,1470.12 1 0
reconx-scanner/main.go:1474.3,1475.59 2 0
reconx-scanner/main.go:1475.59,1476.36 1 0
reconx-scanner/main.go:1476.36,1478.10 2 0
reconx-scanner/main.go:1482.3,1482.22 1 0
reconx-scanner/main.go:1482.22,1483.12 1 0
reconx-scanner/main.go:1487.3,1489.17 3 0
reconx-scanner/main.go:1489.17,1490.12 1 0
reconx-scanner/main.go:1494.3,1529.17 7 0
reconx-scanner/main.go:1529.17,1537.60 7 0
reconx-scanner/main.go:1537.60,1538.37 1 0
reconx-scanner/main.go:1538.37,1540.6 1 0
reconx-scanner/main.go:1542.4,1543.17 2 0
reconx-scanner/main.go:1547.2,1548.15 2 0
reconx-scanner/main.go:1553.104,1560.32 6 1
reconx-scanner/main.go:1560.32,1563.3 2 1
reconx-scanner/main.go:1566.2,1566.21 1 0
reconx-scanner/main.go:1566.21,1570.47 4 0
reconx-scanner/main.go:1570.47,1575.69 4 0
reconx-scanner/main.go:1575.69,1577.5 1 0
reconx-scanner/main.go:1579.4,1579.76 1 0
reconx-scanner/main.go:1579.76,1580.61 1 0
reconx-scanner/main.go:1580.61,1581.58 1 0
reconx-scanner/main.go:1581.58,1584.7 2 0
reconx-scanner/main.go:1591.2,1591.21 1 0
reconx-scanner/main.go:1591.21,1593.3 1 0
reconx-scanner/main.go:1596.2,1620.16 9 0
reconx-scanner/main.go:1620.16,1622.29 2 0
reconx-scanner/main.go:1622.29,1624.4 1 0
reconx-scanner/main.go:1624.9,1627.4 2 0
reconx-scanner/main.go:1628.8,1630.3 1 0
reconx-scanner/main.go:1632.2,1632.15 1 0
reconx-scanner/main.go:1637.107,1644.32 6 1
reconx-scanner/main.go:1644.32,1647.3 2 1
reconx-scanner/main.go:1650.2,1650.21 1 0
reconx-scanner/main.go:1650.21,1654.50 4 0
reconx-scanner/main.go:1654.50,1659.85 4 0
reconx-scanner/main.go:1659.85,1660.67 1 0
reconx-scanner/main.go:1660.67,1661.71 1 0
reconx-scanner/main.go:1661.71,1662.74 1 0
reconx-scanner/main.go:1662.74,1664.8 1 0
reconx-scanner/main.go:1672.2,1675.46 4 0
reconx-scanner/main.go:1675.46,1680.53 4 0
reconx-scanner/main.go:1680.53,1682.59 2 0
reconx-scanner/main.go:1682.59,1684.5 1 0
reconx-scanner/main.go:1689.2,1689.21 1 0
reconx-scanner/main.go:1689.21,1691.3 1 0
reconx-scanner/main.go:1694.2,1724.16 9 0
reconx-scanner/main.go:1724.16,1726.29 2 0
reconx-scanner/main.go:1726.29,1728.4 1 0
reconx-scanner/main.go:1728.9,1731.4 2 0
reconx-scanner/main.go:1732.8,1734.3 1 0
reconx-scanner/main.go:1736.2,1736.15 1 0
reconx-scanner/main.go:1741.106,1749.32 7 1
reconx-scanner/main.go:1749.32,1752.3 2 1
reconx-scanner/main.go:1755.2,1759.49 5 0
reconx-scanner/main.go:1759.49,1764.78 4 0
reconx-scanner/main.go:1764.78,1765.64 1 0
reconx-scanner/main.go:1765.64,1766.53 1 0
reconx-scanner/main.go:1766.53,1769.33 3 0
reconx-scanner/main.go:1769.33,1770.53 1 0
reconx-scanner/main.go:1770.53,1771.43 1 0
reconx-scanner/main.go:1771.43,1773.9 1 0
reconx-scanner/main.go:1776.6,1776.33 1 0
reconx-scanner/main.go:1782.2,1782.18 1 0
reconx-scanner/main.go:1782.18,1785.3 2 0
reconx-scanner/main.go:1788.2,1788.21 1 0
reconx-scanner/main.go:1788.21,1790.3 1 0
reconx-scanner/main.go:1790.8,1790.46 1 0
reconx-scanner/main.go:1790.46,1793.3 1 0
reconx-scanner/main.go:1796.2,1810.16 12 0
reconx-scanner/main.go:1810.16,1812.29 2 0
reconx-scanner/main.go:1812.29,1814.4 1 0
reconx-scanner/main.go:1814.9,1817.4 2 0
reconx-scanner/main.go:1818.8,1820.3 1 0
reconx-scanner/main.go:1822.2,1822.15 1 0
reconx-scanner/main.go:1827.107,1834.32 6 1
reconx-scanner/main.go:1834.32,1837.3 2 1
reconx-scanner/main.go:1840.2,1840.21 1 0
reconx-scanner/main.go:1840.21,1846.47 6 0
reconx-scanner/main.go:1846.47,1851.75 4 0
reconx-scanner/main.go:1851.75,1854.5 1 0
reconx-scanner/main.go:1859.2,1859.21 1 0
reconx-scanner/main.go:1859.21,1861.3 1 0
reconx-scanner/main.go:1864.2,1885.16 8 0
reconx-scanner/main.go:1885.16,1887.29 2 0
reconx-scanner/main.go:1887.29,1890.25 3 0
reconx-scanner/main.go:1890.25,1891.64 1 0
reconx-scanner/main.go:1891.64,1892.98 1 0
reconx-scanner/main.go:1892.98,1894.7 1 0
reconx-scanner/main.go:1894.12,1896.7 1 0
reconx-scanner/main.go:1899.9,1902.4 2 0
reconx-scanner/main.go:1903.8,1905.3 1 0
reconx-scanner/main.go:1907.2,1907.15 1 0
reconx-scanner/main.go:1912.109,1919.32 6 1
reconx-scanner/main.go:1919.32,1922.3 2 1
reconx-scanner/main.go:1925.2,1925.21 1 0
reconx-scanner/main.go:1925.21,1930.50 5 0
reconx-scanner/main.go:1930.50,1935.76 4 0
reconx-scanner/main.go:1935.76,1936.64 1 0
reconx-scanner/main.go:1936.64,1937.68 1 0
reconx-scanner/main.go:1937.68,1939.7 1 0
reconx-scanner/main.go:1946.2,1946.21 1 0
reconx-scanner/main.go:1946.21,1948.3 1 0
reconx-scanner/main.go:1951.2,1973.16 10 0
reconx-scanner/main.go:1973.16,1975.29 2 0
reconx-scanner/main.go:1975.29,1977.4 1 0
reconx-scanner/main.go:1977.9,1980.4 2 0
reconx-scanner/main.go:1981.8,1983.3 1 0
reconx-scanner/main.go:1985.2,1985.15 1 0
reconx-scanner/main.go:1988.81,1989.39 1 0
reconx-scanner/main.go:1989.39,1991.3 1 0
reconx-scanner/main.go:1992.2,1999.33 6 0
reconx-scanner/main.go:1999.33,2003.17 4 0
reconx-scanner/main.go:2003.17,2004.12 1 0
reconx-scanner/main.go:2006.3,2006.57 1 0
reconx-scanner/main.go:2006.57,2008.17 2 0
reconx-scanner/main.go:2008.17,2010.5 1 0
reconx-scanner/main.go:2013.2,2013.16 1 0
reconx-scanner/main.go:2016.93,2017.43 1 0
reconx-scanner/main.go:2017.43,2019.3 1 0
reconx-scanner/main.go:2020.2,2027.33 6 0
reconx-scanner/main.go:2027.33,2031.67 4 0
reconx-scanner/main.go:2031.67,2033.4 1 0
reconx-scanner/main.go:2035.2,2035.15 1 0
reconx-scanner/main.go:2038.74,2041.33 3 0
reconx-scanner/main.go:2041.33,2043.3 1 0
reconx-scanner/main.go:2045.2,2055.34 7 0
reconx-scanner/main.go:2055.34,2056.44 1 0
reconx-scanner/main.go:2056.44,2058.4 1 0
reconx-scanner/main.go:2058.9,2060.4 1 0
reconx-scanner/main.go:2061.3,2061.9 1 0
reconx-scanner/main.go:2065.2,2068.80 3 0
reconx-scanner/main.go:2068.80,2069.30 1 0
reconx-scanner/main.go:2069.30,2071.4 1 0
reconx-scanner/main.go:2072.3,2072.25 1 0
reconx-scanner/main.go:2072.25,2074.4 1 0
reconx-scanner/main.go:2075.3,2076.24 2 0
reconx-scanner/main.go:2076.24,2078.4 1 0
reconx-scanner/main.go:2080.3,2081.52 2 0
reconx-scanner/main.go:2081.52,2083.4 1 0
reconx-scanner/main.go:2085.3,2085.46 1 0
reconx-scanner/main.go:2085.46,2087.4 1 0
reconx-scanner/main.go:2089.3,2091.24 3 0
reconx-scanner/main.go:2091.24,2093.17 2 0
reconx-scanner/main.go:2093.17,2093.30 1 0
reconx-scanner/main.go:2094.4,2094.28 1 0
reconx-scanner/main.go:2096.3,2096.13 1 0
reconx-scanner/main.go:2098.2,2099.25 2 0
reconx-scanner/main.go:2112.98,2113.22 1 1
reconx-scanner/main.go:2113.22,2115.3 1 0
reconx-scanner/main.go:2117.2,2121.54 4 1
reconx-scanner/main.go:2121.54,2127.17 4 1
reconx-scanner/main.go:2127.17,2129.4 1 0
reconx-scanner/main.go:2131.3,2131.29 1 1
reconx-scanner/main.go:2131.29,2133.54 2 0
reconx-scanner/main.go:2133.54,2134.83 1 0
reconx-scanner/main.go:2134.83,2136.6 1 0
reconx-scanner/main.go:2138.4,2139.30 2 0
reconx-scanner/main.go:2139.30,2142.5 1 0
reconx-scanner/main.go:2143.4,2145.12 3 0
reconx-scanner/main.go:2148.3,2148.29 1 1
reconx-scanner/main.go:2148.29,2149.47 1 0
reconx-scanner/main.go:2149.47,2152.5 1 0
reconx-scanner/main.go:2153.4,2157.12 5 0
reconx-scanner/main.go:2160.3,2160.19 1 1
reconx-scanner/main.go:2163.2,2163.26 1 0
reconx-scanner/main.go:2167.62,2168.69 1 1
reconx-scanner/main.go:2168.69,2170.3 1 1
reconx-scanner/main.go:2172.2,2172.61 1 1
reconx-scanner/main.go:2172.61,2174.3 1 0
reconx-scanner/main.go:2176.2,2183.16 6 1
reconx-scanner/main.go:2183.16,2186.29 2 1
reconx-scanner/main.go:2186.29,2204.4 9 1
reconx-scanner/main.go:2204.9,2204.36 1 1
reconx-scanner/main.go:2204.36,2206.4 1 1
reconx-scanner/main.go:2208.2,2208.14 1 1
reconx-scanner/main.go:2212.65,2213.72 1 1
reconx-scanner/main.go:2213.72,2215.3 1 1
reconx-scanner/main.go:2217.2,2217.61 1 1
reconx-scanner/main.go:2217.61,2219.3 1 0
reconx-scanner/main.go:2222.2,2230.16 7 1
reconx-scanner/main.go:2230.16,2233.29 2 1
reconx-scanner/main.go:2233.29,2251.4 9 1
reconx-scanner/main.go:2251.9,2251.36 1 1
reconx-scanner/main.go:2251.36,2253.4 1 1
reconx-scanner/main.go:2255.2,2255.14 1 1
reconx-scanner/main.go:2259.68,2260.36 1 1
reconx-scanner/main.go:2260.36,2262.3 1 1
reconx-scanner/main.go:2266.2,2266.62 1 1
reconx-scanner/main.go:2266.62,2268.3 1 1
reconx-scanner/main.go:2270.2,2271.62 2 1
reconx-scanner/main.go:2271.62,2273.3 1 0
reconx-scanner/main.go:2275.2,2286.16 9 1
reconx-scanner/main.go:2286.16,2288.29 2 1
reconx-scanner/main.go:2288.29,2313.4 13 1
reconx-scanner/main.go:2315.2,2315.14 1 1
reconx-scanner/main.go:2319.64,2320.38 1 1
reconx-scanner/main.go:2320.38,2322.3 1 1
reconx-scanner/main.go:2324.2,2324.61 1 1
reconx-scanner/main.go:2324.61,2326.3 1 0
reconx-scanner/main.go:2328.2,2335.16 6 1
reconx-scanner/main.go:2335.16,2337.29 2 1
reconx-scanner/main.go:2337.29,2347.51 8 1
reconx-scanner/main.go:2347.51,2351.86 4 1
reconx-scanner/main.go:2351.86,2352.68 1 0
reconx-scanner/main.go:2352.68,2353.72 1 0
reconx-scanner/main.go:2353.72,2354.75 1 0
reconx-scanner/main.go:2354.75,2356.9 1 0
reconx-scanner/main.go:2363.4,2370.37 6 1
reconx-scanner/main.go:2370.37,2372.67 2 0
reconx-scanner/main.go:2372.67,2373.78 1 0
reconx-scanner/main.go:2373.78,2375.7 1 0
reconx-scanner/main.go:2378.4,2385.37 6 1
reconx-scanner/main.go:2385.37,2386.67 1 0
reconx-scanner/main.go:2386.67,2387.78 1 0
reconx-scanner/main.go:2387.78,2389.7 1 0
reconx-scanner/main.go:2393.4,2403.15 3 1
reconx-scanner/main.go:2406.2,2406.14 1 1
reconx-scanner/main.go:2410.62,2411.36 1 1
reconx-scanner/main.go:2411.36,2413.3 1 1
reconx-scanner/main.go:2415.2,2415.61 1 1
reconx-scanner/main.go:2415.61,2417.3 1 0
reconx-scanner/main.go:2419.2,2426.16 6 1
reconx-scanner/main.go:2426.16,2428.29 2 1
reconx-scanner/main.go:2428.29,2435.16 6 1
reconx-scanner/main.go:2435.16,2437.5 1 0
reconx-scanner/main.go:2440.4,2440.37 1 1
reconx-scanner/main.go:2440.37,2442.5 1 1
reconx-scanner/main.go:2442.10,2442.44 1 0
reconx-scanner/main.go:2442.44,2444.5 1 0
reconx-scanner/main.go:2444.10,2444.44 1 0
reconx-scanner/main.go:2444.44,2446.5 1 0
reconx-scanner/main.go:2448.4,2466.15 9 1
reconx-scanner/main.go:2469.2,2469.14 1 1
reconx-scanner/main.go:2473.63,2474.37 1 1
reconx-scanner/main.go:2474.37,2476.3 1 1
reconx-scanner/main.go:2478.2,2478.61 1 1
reconx-scanner/main.go:2478.61,2480.3 1 0
reconx-scanner/main.go:2482.2,2489.16 6 1
reconx-scanner/main.go:2489.16,2491.29 2 1
reconx-scanner/main.go:2491.29,2498.71 5 1
reconx-scanner/main.go:2498.71,2499.65 1 1
reconx-scanner/main.go:2499.65,2500.80 1 1
reconx-scanner/main.go:2500.80,2502.7 1 1
reconx-scanner/main.go:2507.4,2514.37 6 1
reconx-scanner/main.go:2514.37,2516.81 2 0
reconx-scanner/main.go:2516.81,2518.6 1 0
reconx-scanner/main.go:2520.4,2527.37 6 1
reconx-scanner/main.go:2527.37,2528.81 1 0
reconx-scanner/main.go:2528.81,2530.6 1 0
reconx-scanner/main.go:2533.4,2543.15 3 1
reconx-scanner/main.go:2546.2,2546.14 1 1
reconx-scanner/main.go:2550.62,2551.36 1 1
reconx-scanner/main.go:2551.36,2553.3 1 1
reconx-scanner/main.go:2555.2,2555.61 1 1
reconx-scanner/main.go:2555.61,2557.3 1 0
reconx-scanner/main.go:2559.2,2566.16 6 1
reconx-scanner/main.go:2566.16,2568.29 2 1
reconx-scanner/main.go:2568.29,2593.4 14 1
reconx-scanner/main.go:2595.2,2595.14 1 1
reconx-scanner/main.go:2599.67,2600.41 1 1
reconx-scanner/main.go:2600.41,2602.3 1 1
reconx-scanner/main.go:2604.2,2604.61 1 1
reconx-scanner/main.go:2604.61,2606.3 1 0
reconx-scanner/main.go:2609.2,2616.16 6 1
reconx-scanner/main.go:2616.16,2618.29 2 1
reconx-scanner/main.go:2618.29,2642.4 13 1
reconx-scanner/main.go:2644.2,2644.14 1 1
reconx-scanner/main.go:2648.61,2649.35 1 1
reconx-scanner/main.go:2649.35,2651.3 1 1
reconx-scanner/main.go:2653.2,2653.61 1 1
reconx-scanner/main.go:2653.61,2655.3 1 0
reconx-scanner/main.go:2657.2,2664.16 6 1
reconx-scanner/main.go:2664.16,2666.29 2 1
reconx-scanner/main.go:2666.29,2683.37 11 1
reconx-scanner/main.go:2683.37,2685.67 2 0
reconx-scanner/main.go:2685.67,2686.78 1 0
reconx-scanner/main.go:2686.78,2688.7 1 0
reconx-scanner/main.go:2691.4,2698.37 6 1
reconx-scanner/main.go:2698.37,2699.67 1 0
reconx-scanner/main.go:2699.67,2700.78 1 0
reconx-scanner/main.go:2700.78,2702.7 1 0
reconx-scanner/main.go:2706.4,2717.15 3 1
reconx-scanner/main.go:2720.2,2720.14 1 1
reconx-scanner/main.go:2724.61,2725.35 1 1
reconx-scanner/main.go:2725.35,2727.3 1 1
reconx-scanner/main.go:2729.2,2729.61 1 1
reconx-scanner/main.go:2729.61,2731.3 1 0
reconx-scanner/main.go:2733.2,2740.16 6 1
reconx-scanner/main.go:2740.16,2742.29 2 1
reconx-scanner/main.go:2742.29,2760.4 9 1
reconx-scanner/main.go:2762.2,2762.14 1 1
reconx-scanner/main.go:2766.63,2767.37 1 1
reconx-scanner/main.go:2767.37,2769.3 1 1
reconx-scanner/main.go:2770.2,2770.61 1 1
reconx-scanner/main.go:2770.61,2772.3 1 0
reconx-scanner/main.go:2774.2,2787.16 6 1
reconx-scanner/main.go:2787.16,2789.3 1 0
reconx-scanner/main.go:2790.2,2798.31 7 1
reconx-scanner/main.go:2798.31,2800.3 1 0
reconx-scanner/main.go:2801.2,2804.28 2 1
reconx-scanner/main.go:2804.28,2807.65 3 1
reconx-scanner/main.go:2807.65,2808.44 1 1
reconx-scanner/main.go:2808.44,2820.5 9 1
reconx-scanner/main.go:2823.2,2823.14 1 1
reconx-scanner/main.go:2827.64,2828.38 1 1
reconx-scanner/main.go:2828.38,2830.3 1 1
reconx-scanner/main.go:2832.2,2832.61 1 1
reconx-scanner/main.go:2832.61,2834.3 1 0
reconx-scanner/main.go:2836.2,2845.16 8 1
reconx-scanner/main.go:2845.16,2847.29 2 1
reconx-scanner/main.go:2847.29,2862.37 9 1
reconx-scanner/main.go:2862.37,2864.5 1 0
reconx-scanner/main.go:2865.4,2881.15 7 1
reconx-scanner/main.go:2884.2,2884.14 1 1
reconx-scanner/main.go:2888.66,2889.40 1 1
reconx-scanner/main.go:2889.40,2891.3 1 1
reconx-scanner/main.go:2893.2,2893.61 1 1
reconx-scanner/main.go:2893.61,2895.3 1 0
reconx-scanner/main.go:2897.2,2905.16 7 1
reconx-scanner/main.go:2905.16,2907.29 2 1
reconx-scanner/main.go:2907.29,2915.68 6 1
reconx-scanner/main.go:2915.68,2916.64 1 1
reconx-scanner/main.go:2916.64,2917.68 1 1
reconx-scanner/main.go:2917.68,2919.7 1 1
reconx-scanner/main.go:2924.4,2930.37 5 1
reconx-scanner/main.go:2930.37,2932.5 1 0
reconx-scanner/main.go:2933.4,2949.15 7 1
reconx-scanner/main.go:2952.2,2952.14 1 1
reconx-scanner/main.go:2956.79,2959.2 1 0
reconx-scanner/main.go:2962.69,2963.35 1 1
reconx-scanner/main.go:2963.35,2965.3 1 1
reconx-scanner/main.go:2967.2,2968.62 2 1
reconx-scanner/main.go:2968.62,2970.3 1 0
reconx-scanner/main.go:2972.2,2986.16 10 1
reconx-scanner/main.go:2986.16,2988.29 2 1
reconx-scanner/main.go:2988.29,3012.4 12 1
reconx-scanner/main.go:3014.2,3014.14 1 1
reconx-scanner/main.go:3019.67,3020.36 1 1
reconx-scanner/main.go:3020.36,3022.3 1 1
reconx-scanner/main.go:3023.2,3023.61 1 1
reconx-scanner/main.go:3023.61,3025.3 1 0
reconx-scanner/main.go:3027.2,3028.16 2 1
reconx-scanner/main.go:3028.16,3030.3 1 0
reconx-scanner/main.go:3031.2,3039.31 7 1
reconx-scanner/main.go:3039.31,3041.3 1 0
reconx-scanner/main.go:3042.2,3044.28 2 1
reconx-scanner/main.go:3044.28,3067.3 12 1
reconx-scanner/main.go:3068.2,3068.14 1 1
reconx-scanner/main.go:3075.62,3076.33 1 1
reconx-scanner/main.go:3076.33,3078.3 1 1
reconx-scanner/main.go:3079.2,3079.61 1 1
reconx-scanner/main.go:3079.61,3081.3 1 0
reconx-scanner/main.go:3086.2,3088.16 2 1
reconx-scanner/main.go:3088.16,3090.3 1 0
reconx-scanner/main.go:3092.2,3096.31 4 1
reconx-scanner/main.go:3096.31,3098.3 1 0
reconx-scanner/main.go:3099.2,3101.28 2 1
reconx-scanner/main.go:3101.28,3106.33 4 1
reconx-scanner/main.go:3106.33,3109.104 1 0
reconx-scanner/main.go:3109.104,3111.5 1 0
reconx-scanner/main.go:3113.3,3113.46 1 1
reconx-scanner/main.go:3113.46,3132.4 9 1
reconx-scanner/main.go:3134.2,3134.14 1 1
reconx-scanner/main.go:3142.68,3143.36 1 1
reconx-scanner/main.go:3143.36,3145.3 1 1
reconx-scanner/main.go:3146.2,3146.61 1 1
reconx-scanner/main.go:3146.61,3148.3 1 0
reconx-scanner/main.go:3151.2,3152.20 2 1
reconx-scanner/main.go:3152.20,3154.3 1 1
reconx-scanner/main.go:3157.2,3158.77 1 1
reconx-scanner/main.go:3158.77,3160.3 1 1
reconx-scanner/main.go:3163.2,3179.13 9 1
reconx-scanner/main.go:3183.61,3184.35 1 1
reconx-scanner/main.go:3184.35,3186.3 1 1
reconx-scanner/main.go:3187.2,3187.61 1 1
reconx-scanner/main.go:3187.61,3189.3 1 0
reconx-scanner/main.go:3190.2,3195.16 6 1
reconx-scanner/main.go:3195.16,3197.3 1 0
reconx-scanner/main.go:3198.2,3202.31 5 1
reconx-scanner/main.go:3202.31,3204.3 1 0
reconx-scanner/main.go:3205.2,3206.28 2 1
reconx-scanner/main.go:3206.28,3209.36 3 1
reconx-scanner/main.go:3209.36,3221.4 11 1
reconx-scanner/main.go:3223.2,3223.14 1 1
reconx-scanner/main.go:3227.63,3228.37 1 1
reconx-scanner/main.go:3228.37,3230.3 1 1
reconx-scanner/main.go:3231.2,3231.61 1 1
reconx-scanner/main.go:3231.61,3233.3 1 0
reconx-scanner/main.go:3234.2,3239.16 6 1
reconx-scanner/main.go:3239.16,3241.3 1 0
reconx-scanner/main.go:3242.2,3246.31 5 1
reconx-scanner/main.go:3246.31,3248.3 1 0
reconx-scanner/main.go:3249.2,3250.28 2 1
reconx-scanner/main.go:3250.28,3253.44 3 1
reconx-scanner/main.go:3253.44,3264.4 10 1
reconx-scanner/main.go:3266.2,3266.14 1 1
reconx-scanner/main.go:3270.66,3271.40 1 1
reconx-scanner/main.go:3271.40,3273.3 1 1
reconx-scanner/main.go:3274.2,3274.61 1 1
reconx-scanner/main.go:3274.61,3276.3 1 0
reconx-scanner/main.go:3277.2,3282.16 6 1
reconx-scanner/main.go:3282.16,3284.3 1 0
reconx-scanner/main.go:3285.2,3289.31 5 1
reconx-scanner/main.go:3289.31,3291.3 1 0
reconx-scanner/main.go:3292.2,3293.28 2 1
reconx-scanner/main.go:3293.28,3296.63 3 1
reconx-scanner/main.go:3296.63,3297.66 1 1
reconx-scanner/main.go:3297.66,3307.5 9 1
reconx-scanner/main.go:3310.2,3310.14 1 1
reconx-scanner/main.go:3314.68,3315.42 1 1
reconx-scanner/main.go:3315.42,3317.3 1 1
reconx-scanner/main.go:3318.2,3318.61 1 1
reconx-scanner/main.go:3318.61,3320.3 1 0
reconx-scanner/main.go:3321.2,3326.16 6 1
reconx-scanner/main.go:3326.16,3328.3 1 0
reconx-scanner/main.go:3329.2,3333.31 5 1
reconx-scanner/main.go:3333.31,3335.3 1 0
reconx-scanner/main.go:3336.2,3337.28 2 1
reconx-scanner/main.go:3337.28,3352.3 14 1
reconx-scanner/main.go:3353.2,3353.14 1 1
reconx-scanner/main.go:3359.63,3360.37 1 1
reconx-scanner/main.go:3360.37,3362.3 1 1
reconx-scanner/main.go:3363.2,3363.61 1 1
reconx-scanner/main.go:3363.61,3365.3 1 0
reconx-scanner/main.go:3366.2,3373.14 8 1
reconx-scanner/main.go:3377.63,3378.37 1 1
reconx-scanner/main.go:3378.37,3380.3 1 1
reconx-scanner/main.go:3381.2,3381.61 1 1
reconx-scanner/main.go:3381.61,3383.3 1 0
reconx-scanner/main.go:3384.2,3389.16 6 1
reconx-scanner/main.go:3389.16,3391.3 1 0
reconx-scanner/main.go:3392.2,3396.31 5 1
reconx-scanner/main.go:3396.31,3398.3 1 0
reconx-scanner/main.go:3399.2,3400.28 2 1
reconx-scanner/main.go:3400.28,3410.3 9 1
reconx-scanner/main.go:3411.2,3411.14 1 1
reconx-scanner/main.go:3415.62,3416.36 1 1
reconx-scanner/main.go:3416.36,3418.3 1 1
reconx-scanner/main.go:3419.2,3419.61 1 1
reconx-scanner/main.go:3419.61,3421.3 1 0
reconx-scanner/main.go:3422.2,3427.16 6 1
reconx-scanner/main.go:3427.16,3429.3 1 0
reconx-scanner/main.go:3430.2,3435.31 6 1
reconx-scanner/main.go:3435.31,3437.3 1 0
reconx-scanner/main.go:3438.2,3439.28 2 1
reconx-scanner/main.go:3439.28,3452.3 12 1
reconx-scanner/main.go:3453.2,3453.14 1 1
reconx-scanner/main.go:3457.63,3458.37 1 1
reconx-scanner/main.go:3458.37,3460.3 1 1
reconx-scanner/main.go:3461.2,3461.61 1 1
reconx-scanner/main.go:3461.61,3463.3 1 0
reconx-scanner/main.go:3464.2,3469.16 6 1
reconx-scanner/main.go:3469.16,3471.3 1 0
reconx-scanner/main.go:3472.2,3476.31 5 1
reconx-scanner/main.go:3476.31,3478.3 1 0
reconx-scanner/main.go:3479.2,3480.28 2 1
reconx-scanner/main.go:3480.28,3483.45 3 1
reconx-scanner/main.go:3483.45,3493.4 9 1
reconx-scanner/main.go:3495.2,3495.14 1 1
reconx-scanner/main.go:3498.65,3499.52 1 1
reconx-scanner/main.go:3499.52,3501.3 1 1
reconx-scanner/main.go:3502.2,3510.15 7 1
reconx-scanner/main.go:3510.15,3512.17 2 0
reconx-scanner/main.go:3512.17,3514.4 1 0
reconx-scanner/main.go:3515.3,3516.17 2 0
reconx-scanner/main.go:3516.17,3518.4 1 0
reconx-scanner/main.go:3519.3,3520.17 2 0
reconx-scanner/main.go:3520.17,3522.4 1 0
reconx-scanner/main.go:3523.3,3524.17 2 0
reconx-scanner/main.go:3524.17,3526.4 1 0
reconx-scanner/main.go:3527.3,3528.17 2 0
reconx-scanner/main.go:3528.17,3530.4 1 0
reconx-scanner/main.go:3532.8,3533.66 1 1
reconx-scanner/main.go:3533.66,3535.4 1 1
reconx-scanner/main.go:3536.3,3536.66 1 1
reconx-scanner/main.go:3536.66,3538.4 1 1
reconx-scanner/main.go:3539.3,3539.66 1 1
reconx-scanner/main.go:3539.66,3541.4 1 1
reconx-scanner/main.go:3542.3,3542.66 1 1
reconx-scanner/main.go:3542.66,3544.4 1 1
reconx-scanner/main.go:3545.3,3545.66 1 1
reconx-scanner/main.go:3545.66,3547.4 1 0
reconx-scanner/main.go:3551.2,3551.44 1 1
reconx-scanner/main.go:3551.44,3553.3 1 1
reconx-scanner/main.go:3554.2,3554.16 1 1
reconx-scanner/main.go:3554.16,3556.3 1 0
reconx-scanner/main.go:3557.2,3557.16 1 1
reconx-scanner/main.go:3557.16,3558.34 1 1
reconx-scanner/main.go:3558.34,3560.4 1 1
reconx-scanner/main.go:3560.9,3562.4 1 0
reconx-scanner/main.go:3567.2,3567.66 1 1
reconx-scanner/main.go:3567.66,3569.3 1 1
reconx-scanner/main.go:3571.2,3571.87 1 1
reconx-scanner/main.go:3571.87,3573.3 1 1
reconx-scanner/main.go:3575.2,3575.34 1 0
reconx-scanner/main.go:3575.34,3577.3 1 0
reconx-scanner/main.go:3579.2,3579.68 1 0
reconx-scanner/main.go:3579.68,3581.3 1 0
reconx-scanner/main.go:3584.2,3589.71 4 0
reconx-scanner/main.go:3592.63,3594.15 1 1
reconx-scanner/main.go:3594.15,3595.31 1 1
reconx-scanner/main.go:3595.31,3597.4 1 0
reconx-scanner/main.go:3600.2,3601.43 2 1
reconx-scanner/main.go:3601.43,3604.3 2 1
reconx-scanner/main.go:3607.2,3607.47 1 1
reconx-scanner/main.go:3607.47,3609.3 1 1
reconx-scanner/main.go:3611.2,3617.43 4 1
reconx-scanner/main.go:3617.43,3619.3 1 0
reconx-scanner/main.go:3621.2,3621.45 1 1
reconx-scanner/main.go:3621.45,3623.45 2 1
reconx-scanner/main.go:3623.45,3625.4 1 0
reconx-scanner/main.go:3629.2,3629.38 1 1
reconx-scanner/main.go:3629.38,3631.3 1 0
reconx-scanner/main.go:3633.2,3677.36 5 1
reconx-scanner/main.go:3677.36,3679.35 2 0
reconx-scanner/main.go:3679.35,3680.64 1 0
reconx-scanner/main.go:3680.64,3684.26 4 0
reconx-scanner/main.go:3684.26,3686.19 2 0
reconx-scanner/main.go:3686.19,3686.38 1 0
reconx-scanner/main.go:3687.6,3687.26 1 0
reconx-scanner/main.go:3695.2,3695.34 1 1
reconx-scanner/main.go:3695.34,3696.20 1 1
reconx-scanner/main.go:3696.20,3701.77 2 1
reconx-scanner/main.go:3701.77,3702.33 1 1
reconx-scanner/main.go:3702.33,3704.6 1 0
reconx-scanner/main.go:3704.11,3704.26 1 1
reconx-scanner/main.go:3704.26,3706.6 1 1
reconx-scanner/main.go:3709.4,3710.40 2 1
reconx-scanner/main.go:3710.40,3720.58 8 1
reconx-scanner/main.go:3720.58,3722.19 2 1
reconx-scanner/main.go:3722.19,3722.38 1 1
reconx-scanner/main.go:3723.6,3723.16 1 1
reconx-scanner/main.go:3732.2,3737.43 2 1
reconx-scanner/main.go:3737.43,3739.28 2 0
reconx-scanner/main.go:3739.28,3740.64 1 0
reconx-scanner/main.go:3740.64,3747.5 5 0
reconx-scanner/main.go:3751.2,3751.43 1 1
reconx-scanner/main.go:3751.43,3756.87 4 0
reconx-scanner/main.go:3756.87,3757.32 1 0
reconx-scanner/main.go:3757.32,3759.5 1 0
reconx-scanner/main.go:3761.3,3767.30 2 0
reconx-scanner/main.go:3767.30,3768.27 1 0
reconx-scanner/main.go:3768.27,3769.22 1 0
reconx-scanner/main.go:3769.22,3772.69 2 0
reconx-scanner/main.go:3772.69,3773.15 1 0
reconx-scanner/main.go:3776.6,3777.39 2 0
reconx-scanner/main.go:3777.39,3779.7 1 0
reconx-scanner/main.go:3781.6,3789.41 7 0
reconx-scanner/main.go:3789.41,3791.20 2 0
reconx-scanner/main.go:3791.20,3791.39 1 0
reconx-scanner/main.go:3792.7,3796.16 3 0
reconx-scanner/main.go:3796.16,3802.8 4 0
reconx-scanner/main.go:3802.13,3806.8 2 0
reconx-scanner/main.go:3813.3,3813.30 1 0
reconx-scanner/main.go:3813.30,3814.27 1 0
reconx-scanner/main.go:3814.27,3815.38 1 0
reconx-scanner/main.go:3815.38,3818.72 2 0
reconx-scanner/main.go:3818.72,3819.15 1 0
reconx-scanner/main.go:3822.6,3830.45 8 0
reconx-scanner/main.go:3830.45,3832.20 2 0
reconx-scanner/main.go:3832.20,3832.39 1 0
reconx-scanner/main.go:3833.7,3836.16 3 0
reconx-scanner/main.go:3836.16,3841.8 4 0
reconx-scanner/main.go:3841.13,3843.8 1 0
reconx-scanner/main.go:3851.2,3851.35 1 1
reconx-scanner/main.go:3851.35,3855.86 3 0
reconx-scanner/main.go:3855.86,3856.66 1 0
reconx-scanner/main.go:3856.66,3858.5 1 0
reconx-scanner/main.go:3860.3,3862.31 3 0
reconx-scanner/main.go:3862.31,3863.68 1 0
reconx-scanner/main.go:3863.68,3865.24 2 0
reconx-scanner/main.go:3865.24,3868.6 2 0
reconx-scanner/main.go:3872.3,3872.28 1 0
reconx-scanner/main.go:3872.28,3873.31 1 0
reconx-scanner/main.go:3873.31,3878.30 5 0
reconx-scanner/main.go:3878.30,3880.19 2 0
reconx-scanner/main.go:3880.19,3880.38 1 0
reconx-scanner/main.go:3881.6,3881.29 1 0
reconx-scanner/main.go:3888.2,3888.34 1 1
reconx-scanner/main.go:3888.34,3893.24 4 0
reconx-scanner/main.go:3893.24,3894.18 1 0
reconx-scanner/main.go:3894.18,3896.5 1 0
reconx-scanner/main.go:3899.3,3900.24 2 0
reconx-scanner/main.go:3900.24,3901.18 1 0
reconx-scanner/main.go:3901.18,3903.5 1 0
reconx-scanner/main.go:3906.3,3906.34 1 0
reconx-scanner/main.go:3906.34,3907.38 1 0
reconx-scanner/main.go:3907.38,3912.29 5 0
reconx-scanner/main.go:3912.29,3914.19 2 0
reconx-scanner/main.go:3914.19,3914.38 1 0
reconx-scanner/main.go:3915.6,3915.27 1 0
reconx-scanner/main.go:3922.2,3927.11 3 1
reconx-scanner/main.go:3932.40,3935.2 2 1
reconx-scanner/main.go:3937.70,3956.35 4 0
reconx-scanner/main.go:3956.35,3957.32 1 0
reconx-scanner/main.go:3957.32,3959.9 2 0
reconx-scanner/main.go:3962.3,3964.17 3 0
reconx-scanner/main.go:3964.17,3965.12 1 0
reconx-scanner/main.go:3967.3,3974.17 6 0
reconx-scanner/main.go:3974.17,3976.30 2 0
reconx-scanner/main.go:3976.30,3978.19 2 0
reconx-scanner/main.go:3978.19,3981.28 2 0
reconx-scanner/main.go:3981.28,3984.7 2 0
reconx-scanner/main.go:3993.59,4000.25 5 1
reconx-scanner/main.go:4000.25,4001.21 1 1
reconx-scanner/main.go:4001.21,4004.4 2 1
reconx-scanner/main.go:4007.2,4007.15 1 1
reconx-scanner/main.go:4011.95,4029.32 7 0
reconx-scanner/main.go:4029.32,4030.36 1 0
reconx-scanner/main.go:4030.36,4032.48 2 0
reconx-scanner/main.go:4032.48,4033.67 1 0
reconx-scanner/main.go:4033.67,4038.6 1 0
reconx-scanner/main.go:4043.2,4043.23 1 0
reconx-scanner/main.go:4055.72,4062.52 1 1
reconx-scanner/main.go:4062.52,4064.3 1 1
reconx-scanner/main.go:4067.2,4068.88 1 0
reconx-scanner/main.go:4068.88,4070.3 1 0
reconx-scanner/main.go:4073.2,4075.37 2 0
reconx-scanner/main.go:4075.37,4077.75 1 0
reconx-scanner/main.go:4077.75,4078.12 1 0
reconx-scanner/main.go:4080.3,4080.27 1 0
reconx-scanner/main.go:4080.27,4082.4 1 0
reconx-scanner/main.go:4083.3,4083.27 1 0
reconx-scanner/main.go:4083.27,4084.45 1 0
reconx-scanner/main.go:4084.45,4086.5 1 0
reconx-scanner/main.go:4086.10,4088.5 1 0
reconx-scanner/main.go:4091.3,4098.57 6 0
reconx-scanner/main.go:4098.57,4099.12 1 0
reconx-scanner/main.go:4103.3,4108.35 4 0
reconx-scanner/main.go:4108.35,4110.4 1 0
reconx-scanner/main.go:4115.82,4117.34 1 1
reconx-scanner/main.go:4117.34,4119.3 1 1
reconx-scanner/main.go:4121.2,4121.48 1 1
reconx-scanner/main.go:4121.48,4123.3 1 1
reconx-scanner/main.go:4125.2,4126.36 2 1
reconx-scanner/main.go:4126.36,4128.3 1 0
reconx-scanner/main.go:4131.2,4133.43 3 1
reconx-scanner/main.go:4133.43,4134.24 1 1
reconx-scanner/main.go:4134.24,4136.9 2 1
reconx-scanner/main.go:4139.2,4139.16 1 1
reconx-scanner/main.go:4139.16,4141.3 1 1
reconx-scanner/main.go:4144.2,4144.38 1 1
reconx-scanner/main.go:4144.38,4146.3 1 1
reconx-scanner/main.go:4147.2,4147.47 1 1
reconx-scanner/main.go:4147.47,4149.3 1 1
reconx-scanner/main.go:4152.2,4155.43 3 1
reconx-scanner/main.go:4155.43,4156.27 1 1
reconx-scanner/main.go:4156.27,4158.4 1 1
reconx-scanner/main.go:4161.2,4161.38 1 1
reconx-scanner/main.go:4161.38,4163.3 1 1
reconx-scanner/main.go:4164.2,4164.46 1 1
reconx-scanner/main.go:4164.46,4166.3 1 1
reconx-scanner/main.go:4169.2,4169.66 1 1
reconx-scanner/main.go:4169.66,4171.3 1 0
reconx-scanner/main.go:4172.2,4173.37 2 1
reconx-scanner/main.go:4173.37,4175.3 1 0
reconx-scanner/main.go:4177.2,4177.47 1 1
reconx-scanner/main.go:4177.47,4179.3 1 0
reconx-scanner/main.go:4181.2,4181.13 1 1
reconx-scanner/main.go:4185.97,4192.15 3 0
reconx-scanner/main.go:4192.15,4194.3 1 0
reconx-scanner/main.go:4197.2,4200.15 2 0
reconx-scanner/main.go:4200.15,4202.3 1 0
reconx-scanner/main.go:4205.2,4208.15 2 0
reconx-scanner/main.go:4208.15,4210.3 1 0
reconx-scanner/main.go:4213.2,4213.15 1 0
reconx-scanner/main.go:4213.15,4215.3 1 0
reconx-scanner/main.go:4218.2,4218.15 1 0
reconx-scanner/main.go:4218.15,4220.3 1 0
reconx-scanner/main.go:4223.2,4225.16 2 0
reconx-scanner/main.go:4230.79,4236.61 4 0
reconx-scanner/main.go:4236.61,4239.14 3 0
reconx-scanner/main.go:4240.64,4241.24 1 0
reconx-scanner/main.go:4242.49,4243.24 1 0
reconx-scanner/main.go:4244.70,4245.24 1 0
reconx-scanner/main.go:4246.70,4247.24 1 0
reconx-scanner/main.go:4248.70,4249.24 1 0
reconx-scanner/main.go:4253.2,4253.74 1 0
reconx-scanner/main.go:4253.74,4254.27 1 0
reconx-scanner/main.go:4254.27,4256.4 1 0
reconx-scanner/main.go:4257.3,4257.27 1 0
reconx-scanner/main.go:4257.27,4259.4 1 0
reconx-scanner/main.go:4260.3,4260.36 1 0
reconx-scanner/main.go:4262.2,4262.16 1 0
reconx-scanner/main.go:4266.84,4275.2 1 0
reconx-scanner/main.go:4279.81,4290.34 4 0
reconx-scanner/main.go:4290.34,4291.51 1 0
reconx-scanner/main.go:4291.51,4293.4 1 0
reconx-scanner/main.go:4296.2,4296.74 1 0
reconx-scanner/main.go:4296.74,4297.27 1 0
reconx-scanner/main.go:4297.27,4299.4 1 0
reconx-scanner/main.go:4300.3,4300.27 1 0
reconx-scanner/main.go:4300.27,4302.4 1 0
reconx-scanner/main.go:4303.3,4303.36 1 0
reconx-scanner/main.go:4305.2,4305.16 1 0
reconx-scanner/main.go:4310.75,4318.32 4 0
reconx-scanner/main.go:4318.32,4321.75 1 0
reconx-scanner/main.go:4321.75,4322.12 1 0
reconx-scanner/main.go:4325.3,4329.155 2 0
reconx-scanner/main.go:4329.155,4331.4 1 0
reconx-scanner/main.go:4333.3,4333.130 1 0
reconx-scanner/main.go:4333.130,4335.4 1 0
reconx-scanner/main.go:4337.3,4337.171 1 0
reconx-scanner/main.go:4337.171,4339.4 1 0
reconx-scanner/main.go:4341.3,4341.171 1 0
reconx-scanner/main.go:4341.171,4343.4 1 0
reconx-scanner/main.go:4345.3,4345.173 1 0
reconx-scanner/main.go:4345.173,4347.4 1 0
reconx-scanner/main.go:4349.3,4349.23 1 0
reconx-scanner/main.go:4349.23,4351.4 1 0
reconx-scanner/main.go:4354.2,4354.16 1 0
reconx-scanner/main.go:4358.74,4364.29 4 0
reconx-scanner/main.go:4364.29,4368.191 2 0
reconx-scanner/main.go:4368.191,4370.4 1 0
reconx-scanner/main.go:4372.3,4372.154 1 0
reconx-scanner/main.go:4372.154,4374.4 1 0
reconx-scanner/main.go:4376.3,4376.196 1 0
reconx-scanner/main.go:4376.196,4378.4 1 0
reconx-scanner/main.go:4380.3,4380.203 1 0
reconx-scanner/main.go:4380.203,4382.4 1 0
reconx-scanner/main.go:4384.3,4384.193 1 0
reconx-scanner/main.go:4384.193,4386.4 1 0
reconx-scanner/main.go:4390.2,4390.74 1 0
reconx-scanner/main.go:4390.74,4391.27 1 0
reconx-scanner/main.go:4391.27,4393.4 1 0
reconx-scanner/main.go:4394.3,4394.27 1 0
reconx-scanner/main.go:4394.27,4395.45 1 0
reconx-scanner/main.go:4395.45,4397.5 1 0
reconx-scanner/main.go:4397.10,4399.5 1 0
reconx-scanner/main.go:4401.3,4401.36 1 0
reconx-scanner/main.go:4404.2,4404.16 1 0
reconx-scanner/main.go:4408.74,4415.32 4 0
reconx-scanner/main.go:4415.32,4425.56 7 0
reconx-scanner/main.go:4425.56,4427.4 1 0
reconx-scanner/main.go:4428.3,4428.56 1 0
reconx-scanner/main.go:4428.56,4430.4 1 0
reconx-scanner/main.go:4431.3,4431.56 1 0
reconx-scanner/main.go:4431.56,4433.4 1 0
reconx-scanner/main.go:4434.3,4434.56 1 0
reconx-scanner/main.go:4434.56,4436.4 1 0
reconx-scanner/main.go:4437.3,4437.56 1 0
reconx-scanner/main.go:4437.56,4439.4 1 0
reconx-scanner/main.go:4441.3,4441.23 1 0
reconx-scanner/main.go:4441.23,4443.4 1 0
reconx-scanner/main.go:4446.2,4446.16 1 0
reconx-scanner/main.go:4450.74,4461.54 8 0
reconx-scanner/main.go:4461.54,4463.3 1 0
reconx-scanner/main.go:4464.2,4464.54 1 0
reconx-scanner/main.go:4464.54,4466.3 1 0
reconx-scanner/main.go:4467.2,4467.54 1 0
reconx-scanner/main.go:4467.54,4469.3 1 0
reconx-scanner/main.go:4470.2,4470.54 1 0
reconx-scanner/main.go:4470.54,4472.3 1 0
reconx-scanner/main.go:4473.2,4473.54 1 0
reconx-scanner/main.go:4473.54,4475.3 1 0
reconx-scanner/main.go:4477.2,4477.22 1 0
reconx-scanner/main.go:4477.22,4479.3 1 0
reconx-scanner/main.go:4481.2,4481.16 1 0
reconx-scanner/main.go:4486.78,4492.34 3 0
reconx-scanner/main.go:4492.34,4495.26 2 0
reconx-scanner/main.go:4495.26,4497.4 1 0
reconx-scanner/main.go:4499.3,4505.48 3 0
reconx-scanner/main.go:4505.48,4506.12 1 0
reconx-scanner/main.go:4510.3,4510.49 1 0
reconx-scanner/main.go:4510.49,4513.43 3 0
reconx-scanner/main.go:4513.43,4514.49 1 0
reconx-scanner/main.go:4514.49,4516.11 2 0
reconx-scanner/main.go:4519.4,4519.17 1 0
reconx-scanner/main.go:4519.17,4520.13 1 0
reconx-scanner/main.go:4524.3,4528.219 2 0
reconx-scanner/main.go:4528.219,4530.4 1 0
reconx-scanner/main.go:4532.3,4532.130 1 0
reconx-scanner/main.go:4532.130,4534.4 1 0
reconx-scanner/main.go:4536.3,4536.170 1 0
reconx-scanner/main.go:4536.170,4538.4 1 0
reconx-scanner/main.go:4540.3,4540.170 1 0
reconx-scanner/main.go:4540.170,4542.4 1 0
reconx-scanner/main.go:4544.3,4544.183 1 0
reconx-scanner/main.go:4544.183,4546.4 1 0
reconx-scanner/main.go:4548.3,4548.23 1 0
reconx-scanner/main.go:4548.23,4550.4 1 0
reconx-scanner/main.go:4553.2,4553.16 1 0
reconx-scanner/main.go:4561.99,4562.16 1 0
reconx-scanner/main.go:4562.16,4563.34 1 0
reconx-scanner/main.go:4563.34,4565.4 1 0
reconx-scanner/main.go:4565.9,4567.4 1 0
reconx-scanner/main.go:4571.2,4572.57 2 0
reconx-scanner/main.go:4572.57,4573.16 1 0
reconx-scanner/main.go:4573.16,4575.4 1 0
reconx-scanner/main.go:4578.2,4580.32 2 0
reconx-scanner/main.go:4580.32,4585.13 4 0
reconx-scanner/main.go:4585.13,4588.25 2 0
reconx-scanner/main.go:4588.25,4591.17 3 0
reconx-scanner/main.go:4591.17,4594.6 2 0
reconx-scanner/main.go:4595.5,4596.17 2 0
reconx-scanner/main.go:4596.17,4600.6 3 0
reconx-scanner/main.go:4601.5,4604.19 3 0
reconx-scanner/main.go:4604.19,4606.6 1 0
reconx-scanner/main.go:4607.10,4609.17 2 0
reconx-scanner/main.go:4609.17,4612.6 2 0
reconx-scanner/main.go:4613.5,4615.45 2 0
reconx-scanner/main.go:4615.45,4616.92 1 0
reconx-scanner/main.go:4616.93,4618.7 0 0
reconx-scanner/main.go:4620.5,4621.19 2 0
reconx-scanner/main.go:4621.19,4623.6 1 0
reconx-scanner/main.go:4625.4,4625.26 1 0
reconx-scanner/main.go:4628.3,4628.10 1 0
reconx-scanner/main.go:4629.23,4630.10 1 0
reconx-scanner/main.go:4630.10,4651.37 9 0
reconx-scanner/main.go:4651.37,4652.16 1 0
reconx-scanner/main.go:4652.16,4656.7 3 0
reconx-scanner/main.go:4658.5,4658.16 1 0
reconx-scanner/main.go:4660.39,4661.63 1 0
reconx-scanner/main.go:4664.2,4664.14 1 0
reconx-scanner/main.go:4671.53,4671.94 1 0
reconx-scanner/main.go:4672.69,4674.2 1 0
reconx-scanner/main.go:4675.72,4676.10 1 0
reconx-scanner/main.go:4676.10,4677.65 1 0
reconx-scanner/main.go:4678.20,4679.34 1 0
reconx-scanner/main.go:4680.20,4681.34 1 0
reconx-scanner/main.go:4683.3,4683.33 1 0
reconx-scanner/main.go:4685.2,4685.17 1 0
reconx-scanner/main.go:4688.89,4690.2 1 0
reconx-scanner/main.go:4703.87,4704.36 1 0
reconx-scanner/main.go:4704.36,4712.32 7 0
reconx-scanner/main.go:4712.32,4713.12 1 0
reconx-scanner/main.go:4716.3,4716.37 1 0
reconx-scanner/main.go:4716.37,4721.32 5 0
reconx-scanner/main.go:4721.32,4723.13 2 0
reconx-scanner/main.go:4725.4,4726.47 2 0
reconx-scanner/main.go:4726.47,4728.5 1 0
reconx-scanner/main.go:4729.4,4730.69 2 0
reconx-scanner/main.go:4736.86,4737.36 1 0
reconx-scanner/main.go:4737.36,4745.32 7 0
reconx-scanner/main.go:4745.32,4746.12 1 0
reconx-scanner/main.go:4749.3,4749.37 1 0
reconx-scanner/main.go:4749.37,4758.56 6 0
reconx-scanner/main.go:4758.56,4759.13 1 0
reconx-scanner/main.go:4761.4,4763.57 3 0
reconx-scanner/main.go:4768.139,4771.14 2 0
reconx-scanner/main.go:4771.14,4773.3 1 0
reconx-scanner/main.go:4775.2,4800.47 17 0
reconx-scanner/main.go:4800.47,4802.3 1 0
reconx-scanner/main.go:4805.2,4810.14 6 0
reconx-scanner/main.go:4810.14,4812.3 1 0
reconx-scanner/main.go:4813.2,4822.22 8 0
reconx-scanner/main.go:4822.22,4824.29 2 0
reconx-scanner/main.go:4824.29,4826.30 2 0
reconx-scanner/main.go:4826.30,4828.5 1 0
reconx-scanner/main.go:4829.4,4830.29 2 0
reconx-scanner/main.go:4830.29,4832.5 1 0
reconx-scanner/main.go:4833.4,4835.25 3 0
reconx-scanner/main.go:4835.25,4837.5 1 0
reconx-scanner/main.go:4838.4,4838.84 1 0
reconx-scanner/main.go:4840.3,4845.40 6 0
reconx-scanner/main.go:4846.8,4850.3 3 0
reconx-scanner/main.go:4853.2,4854.35 2 0
reconx-scanner/main.go:4854.35,4858.65 4 0
reconx-scanner/main.go:4858.65,4860.4 1 0
reconx-scanner/main.go:4861.3,4861.73 1 0
reconx-scanner/main.go:4861.73,4863.4 1 0
reconx-scanner/main.go:4864.3,4864.88 1 0
reconx-scanner/main.go:4864.88,4866.4 1 0
reconx-scanner/main.go:4867.8,4869.54 2 0
reconx-scanner/main.go:4869.54,4871.4 1 0
reconx-scanner/main.go:4873.2,4878.20 4 0
reconx-scanner/main.go:4878.20,4880.3 1 0
reconx-scanner/main.go:4883.2,4886.35 3 0
reconx-scanner/main.go:4886.35,4888.3 1 0
reconx-scanner/main.go:4890.2,4916.31 5 0
reconx-scanner/main.go:4916.31,4919.3 2 0
reconx-scanner/main.go:4919.8,4921.3 1 0
reconx-scanner/main.go:4924.51,4929.37 4 0
reconx-scanner/main.go:4929.37,4932.3 2 0
reconx-scanner/main.go:4933.2,4936.21 3 0
reconx-scanner/main.go:4936.21,4938.3 1 0
reconx-scanner/main.go:4940.2,4940.30 1 0
reconx-scanner/main.go:4940.30,4944.68 2 0
reconx-scanner/main.go:4944.68,4946.12 2 0
reconx-scanner/main.go:4949.3,4950.20 2 0
reconx-scanner/main.go:4950.20,4952.12 2 0
reconx-scanner/main.go:4955.3,4959.17 3 0
reconx-scanner/main.go:4959.17,4960.45 1 0
reconx-scanner/main.go:4960.45,4962.5 1 0
reconx-scanner/main.go:4962.10,4964.5 1 0
reconx-scanner/main.go:4965.4,4965.12 1 0
reconx-scanner/main.go:4968.3,4974.13 5 0
reconx-scanner/main.go:4974.13,4978.40 3 0
reconx-scanner/main.go:4978.40,4983.32 3 0
reconx-scanner/main.go:4983.32,4984.21 1 0
reconx-scanner/main.go:4984.21,4986.50 2 0
reconx-scanner/main.go:4986.50,4987.48 1 0
reconx-scanner/main.go:4987.48,4991.9 3 0
reconx-scanner/main.go:4994.8,4995.51 2 0
reconx-scanner/main.go:4995.51,4998.24 3 0
reconx-scanner/main.go:4998.24,5000.10 1 0
reconx-scanner/main.go:5010.3,5010.42 1 0
reconx-scanner/main.go:5010.42,5012.4 1 0
reconx-scanner/main.go:5015.3,5019.44 3 0
reconx-scanner/main.go:5019.44,5042.4 2 0
reconx-scanner/main.go:5045.3,5045.46 1 0
reconx-scanner/main.go:5045.46,5050.4 1 0
reconx-scanner/main.go:5053.3,5053.43 1 0
reconx-scanner/main.go:5053.43,5059.4 1 0
reconx-scanner/main.go:5062.3,5062.47 1 0
reconx-scanner/main.go:5062.47,5096.4 1 0
reconx-scanner/main.go:5099.3,5099.47 1 0
reconx-scanner/main.go:5099.47,5129.4 1 0
reconx-scanner/main.go:5135.3,5139.36 3 0
reconx-scanner/main.go:5139.36,5141.24 2 0
reconx-scanner/main.go:5141.24,5144.18 3 0
reconx-scanner/main.go:5144.18,5144.27 1 0
reconx-scanner/main.go:5146.5,5147.46 2 0
reconx-scanner/main.go:5147.46,5150.20 3 0
reconx-scanner/main.go:5150.20,5152.7 1 0
reconx-scanner/main.go:5157.3,5158.9 2 0
reconx-scanner/main.go:5162.39,5166.39 3 0
reconx-scanner/main.go:5166.39,5168.3 1 0
reconx-scanner/main.go:5170.2,5186.59 6 0
reconx-scanner/main.go:5186.59,5190.22 4 0
reconx-scanner/main.go:5190.22,5194.4 3 0
reconx-scanner/main.go:5195.3,5195.14 1 0
reconx-scanner/main.go:5198.2,5198.24 1 0
reconx-scanner/main.go:5198.24,5200.3 1 0
reconx-scanner/main.go:5200.8,5202.3 1 0
reconx-scanner/main.go:5204.2,5204.71 1 0
reconx-scanner/main.go:5207.21,5215.2 4 0
reconx-scanner/main.go:5217.31,5220.22 3 0
reconx-scanner/main.go:5220.22,5223.3 2 0
reconx-scanner/main.go:5224.2,5224.19 1 0
reconx-scanner/main.go:5227.50,5232.25 3 0
reconx-scanner/main.go:5232.25,5235.23 3 0
reconx-scanner/main.go:5235.23,5237.17 2 0
reconx-scanner/main.go:5237.17,5237.26 1 0
reconx-scanner/main.go:5238.4,5239.28 2 0
reconx-scanner/main.go:5239.28,5241.5 1 0
reconx-scanner/main.go:5242.4,5247.25 6 0
reconx-scanner/main.go:5247.25,5250.5 2 0
reconx-scanner/main.go:5253.2,5253.11 1 0
reconx-scanner/main.go:5259.50,5260.16 1 0
reconx-scanner/main.go:5260.16,5262.3 1 0
reconx-scanner/main.go:5263.2,5264.81 2 0
reconx-scanner/main.go:5264.81,5266.3 1 0
reconx-scanner/main.go:5271.40,5325.27 6 0
reconx-scanner/main.go:5325.27,5326.16 1 0
reconx-scanner/main.go:5326.16,5329.4 2 0
reconx-scanner/main.go:5329.9,5332.4 2 0
reconx-scanner/main.go:5334.2,5334.56 1 0
reconx-scanner/main.go:5337.50,5343.16 5 0
reconx-scanner/main.go:5343.16,5346.3 2 0
reconx-scanner/main.go:5355.2,5356.25 2 0
reconx-scanner/main.go:5356.25,5358.3 1 0
reconx-scanner/main.go:5359.2,5359.34 1 0
reconx-scanner/main.go:5359.34,5361.3 1 0
reconx-scanner/main.go:5362.2,5363.72 2 0
reconx-scanner/main.go:5363.72,5365.3 1 0
reconx-scanner/main.go:5366.2,5368.66 2 0
reconx-scanner/main.go:5368.66,5371.3 1 0
reconx-scanner/main.go:5372.2,5383.16 5 0
reconx-scanner/main.go:5383.16,5386.3 2 0
reconx-scanner/main.go:5387.2,5394.24 6 0
reconx-scanner/main.go:5394.24,5396.17 2 0
reconx-scanner/main.go:5396.17,5397.12 1 0
reconx-scanner/main.go:5401.3,5401.32 1 0
reconx-scanner/main.go:5401.32,5403.12 2 0
reconx-scanner/main.go:5407.3,5407.56 1 0
reconx-scanner/main.go:5407.56,5408.9 1 0
reconx-scanner/main.go:5411.3,5414.30 3 0
reconx-scanner/main.go:5414.30,5419.4 4 0
reconx-scanner/main.go:5419.9,5419.33 1 0
reconx-scanner/main.go:5419.33,5424.4 1 0
reconx-scanner/main.go:5427.2,5427.20 1 0
reconx-scanner/main.go:5427.20,5431.3 3 0
reconx-scanner/main.go:5432.2,5434.41 2 0
reconx-scanner/main.go:5434.41,5436.3 1 0
reconx-scanner/main.go:5438.2,5439.20 2 0
reconx-scanner/main.go:5442.13,5465.60 13 0
reconx-scanner/main.go:5465.60,5466.63 1 0
reconx-scanner/main.go:5466.63,5467.45 1 0
reconx-scanner/main.go:5467.45,5470.5 2 0
reconx-scanner/main.go:5472.3,5472.22 1 0
reconx-scanner/main.go:5472.22,5474.4 1 0
reconx-scanner/main.go:5477.2,5477.23 1 0
reconx-scanner/main.go:5477.23,5479.3 1 0
reconx-scanner/main.go:5479.8,5481.3 1 0
reconx-scanner/main.go:5483.2,5483.53 1 0
reconx-scanner/main.go:5483.53,5486.3 2 0
reconx-scanner/main.go:5489.2,5489.16 1 0
reconx-scanner/main.go:5489.16,5491.17 2 0
reconx-scanner/main.go:5491.17,5494.4 2 0
reconx-scanner/main.go:5495.3,5499.26 4 0
reconx-scanner/main.go:5499.26,5503.4 3 0
reconx-scanner/main.go:5506.3,5510.29 4 0
reconx-scanner/main.go:5510.29,5511.22 1 0
reconx-scanner/main.go:5511.22,5515.5 3 0
reconx-scanner/main.go:5517.3,5520.100 3 0
reconx-scanner/main.go:5523.2,5531.16 5 0
reconx-scanner/main.go:5531.16,5533.16 2 0
reconx-scanner/main.go:5533.16,5537.4 3 0
reconx-scanner/main.go:5538.3,5538.12 1 0
reconx-scanner/main.go:5541.2,5541.30 1 0
